[17:20:32] [Server thread/INFO]: Starting minecraft server version 1.12.2
[17:20:32] [Server thread/INFO]: Loading properties
[17:20:33] [Server thread/INFO]: Default game type: SURVIVAL
[17:20:33] [Server thread/INFO]: This server is running Paper version git-Paper-1620 (MC: 1.12.2) (Implementing API version 1.12.2-R0.1-SNAPSHOT)
[17:20:33] [Server thread/INFO]: Debug logging is disabled
[17:20:33] [Server thread/INFO]: Server Ping Player Sample Count: 12
[17:20:33] [Server thread/INFO]: Using 4 threads for Netty based IO
[17:20:33] [Server thread/INFO]: Generating keypair
[17:20:34] [Server thread/INFO]: Starting Minecraft server on localhost:25565
[17:20:34] [Server thread/INFO]: Using default channel type
[17:20:34] [Server thread/INFO]: Server permissions file permissions.yml is empty, ignoring it
[17:20:34] [Server thread/WARN]: **** SERVER IS RUNNING IN OFFLINE/INSECURE MODE!
[17:20:34] [Server thread/WARN]: The server will make no attempt to authenticate usernames. Beware.
[17:20:34] [Server thread/WARN]: While this makes the game possible to play without internet access, it also opens up the ability for hackers to connect with any username they choose.
[17:20:34] [Server thread/WARN]: To change this, set "online-mode" to "true" in the server.properties file.
[17:20:34] [Server thread/INFO]: **** Beginning UUID conversion, this may take A LONG time ****
[17:20:34] [Server thread/INFO]: Preparing level "world"
[17:20:34] [Server thread/INFO]: -------- World Settings For [world] --------
[17:20:34] [Server thread/INFO]: Mob Spawn Range: 4
[17:20:34] [Server thread/INFO]: Cactus Growth Modifier: 100%
[17:20:34] [Server thread/INFO]: Cane Growth Modifier: 100%
[17:20:34] [Server thread/INFO]: Melon Growth Modifier: 100%
[17:20:34] [Server thread/INFO]: Mushroom Growth Modifier: 100%
[17:20:34] [Server thread/INFO]: Pumpkin Growth Modifier: 100%
[17:20:34] [Server thread/INFO]: Sapling Growth Modifier: 100%
[17:20:34] [Server thread/INFO]: Wheat Growth Modifier: 100%
[17:20:34] [Server thread/INFO]: NetherWart Growth Modifier: 100%
[17:20:34] [Server thread/INFO]: Vine Growth Modifier: 100%
[17:20:34] [Server thread/INFO]: Cocoa Growth Modifier: 100%
[17:20:34] [Server thread/INFO]: Entity Activation Range: An 32 / Mo 32 / Mi 16 / Tiv true
[17:20:34] [Server thread/INFO]: Entity Tracking Range: Pl 48 / An 48 / Mo 48 / Mi 32 / Other 64
[17:20:34] [Server thread/INFO]: Hopper Transfer: 8 Hopper Check: 1 Hopper Amount: 1
[17:20:34] [Server thread/INFO]: Random Lighting Updates: false
[17:20:34] [Server thread/INFO]: Structure Info Saving: true
[17:20:34] [Server thread/INFO]: Custom Map Seeds:  Village: 10387312 Feature: 14357617 Monument: 10387313 Slime: 987234911
[17:20:34] [Server thread/INFO]: Max TNT Explosions: 100
[17:20:34] [Server thread/INFO]: Tile Max Tick Time: 50ms Entity max Tick Time: 50ms
[17:20:34] [Server thread/INFO]: View Distance: 4
[17:20:34] [Server thread/INFO]: Item Despawn Rate: 6000
[17:20:34] [Server thread/INFO]: Item Merge Radius: 2.5
[17:20:34] [Server thread/INFO]: Arrow Despawn Rate: 1200
[17:20:34] [Server thread/INFO]: Allow Zombie Pigmen to spawn from portal blocks: true
[17:20:34] [Server thread/INFO]: Zombie Aggressive Towards Villager: true
[17:20:34] [Server thread/INFO]: Experience Merge Radius: 3.0
[17:20:34] [Server thread/INFO]: Nerfing mobs spawned from spawners: false
[17:20:35] [Server thread/INFO]: -------- World Settings For [world_nether] --------
[17:20:35] [Server thread/INFO]: Mob Spawn Range: 4
[17:20:35] [Server thread/INFO]: Cactus Growth Modifier: 100%
[17:20:35] [Server thread/INFO]: Cane Growth Modifier: 100%
[17:20:35] [Server thread/INFO]: Melon Growth Modifier: 100%
[17:20:35] [Server thread/INFO]: Mushroom Growth Modifier: 100%
[17:20:35] [Server thread/INFO]: Pumpkin Growth Modifier: 100%
[17:20:35] [Server thread/INFO]: Sapling Growth Modifier: 100%
[17:20:35] [Server thread/INFO]: Wheat Growth Modifier: 100%
[17:20:35] [Server thread/INFO]: NetherWart Growth Modifier: 100%
[17:20:35] [Server thread/INFO]: Vine Growth Modifier: 100%
[17:20:35] [Server thread/INFO]: Cocoa Growth Modifier: 100%
[17:20:35] [Server thread/INFO]: Entity Activation Range: An 32 / Mo 32 / Mi 16 / Tiv true
[17:20:35] [Server thread/INFO]: Entity Tracking Range: Pl 48 / An 48 / Mo 48 / Mi 32 / Other 64
[17:20:35] [Server thread/INFO]: Hopper Transfer: 8 Hopper Check: 1 Hopper Amount: 1
[17:20:35] [Server thread/INFO]: Random Lighting Updates: false
[17:20:35] [Server thread/INFO]: Structure Info Saving: true
[17:20:35] [Server thread/INFO]: Custom Map Seeds:  Village: 10387312 Feature: 14357617 Monument: 10387313 Slime: 987234911
[17:20:35] [Server thread/INFO]: Max TNT Explosions: 100
[17:20:35] [Server thread/INFO]: Tile Max Tick Time: 50ms Entity max Tick Time: 50ms
[17:20:35] [Server thread/INFO]: View Distance: 4
[17:20:35] [Server thread/INFO]: Item Despawn Rate: 6000
[17:20:35] [Server thread/INFO]: Item Merge Radius: 2.5
[17:20:35] [Server thread/INFO]: Arrow Despawn Rate: 1200
[17:20:35] [Server thread/INFO]: Allow Zombie Pigmen to spawn from portal blocks: true
[17:20:35] [Server thread/INFO]: Zombie Aggressive Towards Villager: true
[17:20:35] [Server thread/INFO]: Experience Merge Radius: 3.0
[17:20:35] [Server thread/INFO]: Nerfing mobs spawned from spawners: false
[17:20:35] [Server thread/INFO]: -------- World Settings For [world_the_end] --------
[17:20:35] [Server thread/INFO]: Mob Spawn Range: 4
[17:20:35] [Server thread/INFO]: Cactus Growth Modifier: 100%
[17:20:35] [Server thread/INFO]: Cane Growth Modifier: 100%
[17:20:35] [Server thread/INFO]: Melon Growth Modifier: 100%
[17:20:35] [Server thread/INFO]: Mushroom Growth Modifier: 100%
[17:20:35] [Server thread/INFO]: Pumpkin Growth Modifier: 100%
[17:20:35] [Server thread/INFO]: Sapling Growth Modifier: 100%
[17:20:35] [Server thread/INFO]: Wheat Growth Modifier: 100%
[17:20:35] [Server thread/INFO]: NetherWart Growth Modifier: 100%
[17:20:35] [Server thread/INFO]: Vine Growth Modifier: 100%
[17:20:35] [Server thread/INFO]: Cocoa Growth Modifier: 100%
[17:20:35] [Server thread/INFO]: Entity Activation Range: An 32 / Mo 32 / Mi 16 / Tiv true
[17:20:35] [Server thread/INFO]: Entity Tracking Range: Pl 48 / An 48 / Mo 48 / Mi 32 / Other 64
[17:20:35] [Server thread/INFO]: Hopper Transfer: 8 Hopper Check: 1 Hopper Amount: 1
[17:20:35] [Server thread/INFO]: Random Lighting Updates: false
[17:20:35] [Server thread/INFO]: Structure Info Saving: true
[17:20:35] [Server thread/INFO]: Custom Map Seeds:  Village: 10387312 Feature: 14357617 Monument: 10387313 Slime: 987234911
[17:20:35] [Server thread/INFO]: Max TNT Explosions: 100
[17:20:35] [Server thread/INFO]: Tile Max Tick Time: 50ms Entity max Tick Time: 50ms
[17:20:35] [Server thread/INFO]: View Distance: 4
[17:20:35] [Server thread/INFO]: Item Despawn Rate: 6000
[17:20:35] [Server thread/INFO]: Item Merge Radius: 2.5
[17:20:35] [Server thread/INFO]: Arrow Despawn Rate: 1200
[17:20:35] [Server thread/INFO]: Allow Zombie Pigmen to spawn from portal blocks: true
[17:20:35] [Server thread/INFO]: Zombie Aggressive Towards Villager: true
[17:20:35] [Server thread/INFO]: Experience Merge Radius: 3.0
[17:20:35] [Server thread/INFO]: Nerfing mobs spawned from spawners: false
[17:20:35] [Server thread/INFO]: Preparing start region for level 0 (Seed: -459991206113876606)
[17:20:36] [Server thread/INFO]: Preparing start region for level 1 (Seed: -459991206113876606)
[17:20:36] [Server thread/INFO]: Preparing start region for level 2 (Seed: -459991206113876606)
[17:20:36] [Server thread/INFO]: Done (1.998s)! For help, type "help" or "?"
[17:20:36] [Server thread/INFO]: Timings Reset
[17:56:36] [Server thread/INFO]: Saving...
[17:56:37] [Server thread/INFO]: Saved the world
[17:56:43] [Server thread/INFO]: Stopping the server
[17:56:43] [Server thread/INFO]: Stopping server
[17:56:43] [Server thread/INFO]: Saving players
[17:56:43] [Server thread/INFO]: Saving worlds
[17:56:43] [Server thread/INFO]: Saving chunks for level 'world'/overworld
[17:56:43] [Server thread/INFO]: Saving chunks for level 'world_nether'/the_nether
[17:56:43] [Server thread/INFO]: Saving chunks for level 'world_the_end'/the_end
