[11:34:51] [main/INFO] [com.velocitypowered.proxy.VelocityServer]: Booting up Velocity 3.4.0-SNAPSHOT (git-965db127-b454)...
[11:34:52] [main/INFO] [com.velocitypowered.proxy.VelocityServer]: Loading localizations...
[11:34:53] [main/INFO] [com.velocitypowered.proxy.network.ConnectionManager]: Connections will use epoll channels, libdeflate (Linux x86_64) compression, OpenSSL 3.x.x (Linux x86_64) ciphers
[11:34:53] [main/WARN] [com.velocitypowered.proxy.config.VelocityConfiguration]: The proxy is running in offline mode! This is a security risk and you will NOT receive any support!
[11:34:53] [main/WARN] [com.velocitypowered.proxy.config.VelocityConfiguration]: Player info forwarding is disabled! All players will appear to be connecting from the proxy and will have offline-mode UUIDs.
[11:34:54] [main/INFO] [com.velocitypowered.proxy.VelocityServer]: Loading plugins...
[11:34:54] [main/ERROR] [com.velocitypowered.proxy.console.VelocityConsole]: :>:>:>:>:>:>:>:>:>:>:>:>:>:>:>:>:>:>:>:>:>:>:>
[11:34:54] [main/ERROR] [com.velocitypowered.proxy.console.VelocityConsole]: :>  
[11:34:54] [main/ERROR] [com.velocitypowered.proxy.console.VelocityConsole]: :>      EAGLERCRAFTXVELOCITY WARNING:
[11:34:54] [main/ERROR] [com.velocitypowered.proxy.console.VelocityConsole]: :>  
[11:34:54] [main/ERROR] [com.velocitypowered.proxy.console.VelocityConsole]: :>  This plugin wasn't tested to be 'working'
[11:34:54] [main/ERROR] [com.velocitypowered.proxy.console.VelocityConsole]: :>  with ANY version of Velocity (and forks)
[11:34:54] [main/ERROR] [com.velocitypowered.proxy.console.VelocityConsole]: :>  apart from the versions listed below:
[11:34:54] [main/ERROR] [com.velocitypowered.proxy.console.VelocityConsole]: :>  
[11:34:54] [main/ERROR] [com.velocitypowered.proxy.console.VelocityConsole]: :>  - Velocity: 3.4.0-SNAPSHOT:a33f2d1a:b452
[11:34:54] [main/ERROR] [com.velocitypowered.proxy.console.VelocityConsole]: :>  
[11:34:54] [main/ERROR] [com.velocitypowered.proxy.console.VelocityConsole]: :>  This is not a Bukkit/Spigot plugin!
[11:34:54] [main/ERROR] [com.velocitypowered.proxy.console.VelocityConsole]: :>  
[11:34:54] [main/ERROR] [com.velocitypowered.proxy.console.VelocityConsole]: :>  Use "-Deaglerxvelocity.stfu=true" to hide
[11:34:54] [main/ERROR] [com.velocitypowered.proxy.console.VelocityConsole]: :>  
[11:34:54] [main/ERROR] [com.velocitypowered.proxy.console.VelocityConsole]: :>:>:>:>:>:>:>:>:>:>:>:>:>:>:>:>:>:>:>:>:>:>:>
[11:34:54] [main/INFO] [com.velocitypowered.proxy.plugin.VelocityPluginManager]: Loaded plugin eaglerxvelocity 1.1.5 by lax1dude, ayunami2000
[11:34:54] [main/INFO] [com.velocitypowered.proxy.VelocityServer]: Loaded 2 plugins
[11:34:54] [EaglercraftXVelocity - Task Executor #0/WARN] [eaglerxvelocity]: This plugin is still in development, certain features may not be functional!
[11:34:54] [EaglercraftXVelocity - Task Executor #0/WARN] [eaglerxvelocity]: Not recommended for public servers yet, please check for updates
[11:34:55] [EaglercraftXVelocity - Task Executor #0/INFO] [eaglerxvelocity]: Loading vanilla profile: lax1dude
[11:34:58] [Netty epoll Worker #1/INFO] [eaglerxvelocity]: Loaded vanilla profile: lax1dude
[11:34:58] [Netty epoll Boss #0/INFO] [eaglerxvelocity]: Eaglercraft is listening on: /0.0.0.0:8081
[11:34:59] [EaglercraftXVelocity - Task Executor #0/INFO] [eaglerxvelocity]: Connected to database: jdbc:sqlite:eaglercraft_skins_cache.db
[11:34:59] [EaglercraftXVelocity - Task Executor #0/WARN] [eaglerxvelocity]: Voice chat enabled, not recommended for public servers!
[11:34:59] [Netty epoll Boss #1/INFO] [com.velocitypowered.proxy.network.ConnectionManager]: Listening on /[0:0:0:0:0:0:0:0]:25577
[11:34:59] [EaglerXVelocity: Update Service Tasks/INFO] [eaglerxvelocity]: Loaded certificate: /workspaces/king24790-server/bungee/plugins/eaglerxvelocity/eagcert/$dl.34268c6e7b2a2336a2821b0171d290d6dd455cba.cert
[11:34:59] [main/INFO] [com.velocitypowered.proxy.Velocity]: Done (8.92s)!
